Obrada ulaznog fajla test\program.mj
#2 program
#49 test301
#49 int
#49 a
#8 ,
#8 ,
#49 b
#5 ;
#49 int
#8 ,
#49 a
#8 ,
#49 c
#8 ,
#5 ;
#49 int
#49 m
#46 =
#47 5
#5 ;
#3 {
#25 void
#49 main
#6 (
#7 )
#3 {
#49 bodovi
#46 =
#47 0
#5 ;
#49 bodovi
#15 ++
#5 ;
#49 bodovi
#46 =
#30 -
#47 8
#31 +
#5 ;
#9 print
#6 (
#49 bodovi
#7 )
#5 ;
#9 print
#6 (
#49 bodovi
#7 )
#5 ;
#49 bt
#46 =
#50 true
#15 ++
#47 1
#5 ;
#4 }
#4 }
